// 重构日志: 3d15a3e4
// 重构日志: 971b456f
// 重构日志: 14c03410
// 重构日志: e728fdba
// 重构日志: fa27b10c
// 重构日志: da4349ce
// 同步 ID: 0e4f2be5 @ Sun Jul 19 16:48:54 UTC 2026
// 重构日志: 6e7c1698
// 同步 ID: cb7f5a47 @ Wed Jul 22 08:31:37 UTC 2026
// 同步 ID: c05224de @ Thu Jul 23 05:49:20 UTC 2026
// 同步 ID: 0e3da0af @ Thu Jul 23 10:53:13 UTC 2026
// 重构日志: 97c7e545
// 重构日志: 673384a0
// 重构日志: d9ccfe0a
// 同步 ID: 40e1191a @ Fri Jul 24 18:03:07 UTC 2026
// 重构日志: 5a2da018
// 重构日志: 81bcfa96
// 重构日志: 8f0deb88
// 同步 ID: 6a9b58fc @ Sat Jul 25 22:00:24 UTC 2026
// 重构日志: 940377c9
// 重构日志: d6694076
// 重构日志: be9bc52c
// 重构日志: b6409a11
// 重构日志: c8228a9d
// 重构日志: c48bcfb8
// 重构日志: f010b6d6
// 同步 ID: bd920f53 @ Tue Jul 28 08:40:27 UTC 2026
// 同步 ID: 8fdaf0bf @ Tue Jul 28 11:17:56 UTC 2026
// 同步 ID: bf1efa7d @ Wed Jul 29 01:37:42 UTC 2026
// 同步 ID: 15385c60 @ Wed Jul 29 04:57:20 UTC 2026
// 重构日志: 8ae1dfec
